// Jest Snapshot v1, https://goo.gl/fbAQLP

exports[`<Content /> renders 1`] = `
<DocumentFragment>
  <div
    class="sc-bZQynM gSJnjk"
  >
    <h1
      class="sc-gzVnrw eJmVhY"
    >
      <img
        alt="poi"
        class="sc-htoDjs jvwLIY"
        src="poi.png"
      />
      <span
        class="sc-dnqmqq bcJpYV"
      >
        poi
      </span>
    </h1>
    <div
      class="sc-gqjmRU iaGhZ"
    >
      <div
        class="sc-ifAKCX kWQbT"
      >
        <div
          class="sc-EHOje gYoJOI"
        >
          <div
            data-testid="typist"
          />
        </div>
        <div
          class="sc-EHOje dZEEWs"
          data-testid="typing"
        >
          Scalable KanColle browser and tool.
          <span
            style="opacity: 0;"
          >
            _
          </span>
        </div>
      </div>
    </div>
    <div
      class="sc-bdVaJa gbaexa"
    >
      <div
        class="sc-bwzfXH gFmFes"
      >
        Download for Windows (x64)
      </div>
      <a
        data-testid="download-stable-version"
        href="https://npm.taobao.org/mirrors/poi/v10.4.0/poi-setup-10.4.0.exe"
      >
        <button
          class="sc-htpNat kEBVTB"
        >
          <div>
            v10.4.0
          </div>
          <div
            class="sc-bxivhb gEfMvB"
          >
            Stable, for most users
          </div>
        </button>
      </a>
    </div>
    <div
      class="sc-gZMcBi hlXFsd"
    >
      <div
        class="ms-Dropdown-container sc-iwsKbI jSRktV root-50"
      >
        <label
          class="ms-Label ms-Dropdown-label label-68"
          for="Dropdown1"
          id="Dropdown1-label"
        >
          Choose another platform
        </label>
        <div
          aria-describedby="Dropdown1-option"
          aria-expanded="false"
          aria-labelledby="Dropdown1-label"
          class="ms-Dropdown dropdown-52"
          data-is-focusable="true"
          id="Dropdown1"
          role="listbox"
          tabindex="0"
        >
          <span
            aria-atomic="true"
            aria-label="Windows (x64)"
            aria-live="off"
            aria-posinset="8"
            aria-selected="true"
            aria-setsize="8"
            class="ms-Dropdown-title title-53"
            id="Dropdown1-option"
            role="option"
          >
            <span>
              Windows (x64)
            </span>
          </span>
          <span
            class="ms-Dropdown-caretDownWrapper caretDownWrapper-54"
          >
            <i
              aria-hidden="true"
              class="ms-Dropdown-caretDown caretDown-69"
              data-icon-name="ChevronDown"
              role="presentation"
            />
          </span>
        </div>
      </div>
    </div>
    <div
      class="sc-gZMcBi hlXFsd"
    >
      <a
        class="sc-VigVT ecCZLv"
        href="https://npm.taobao.org/mirrors/poi"
        rel="noopener noreferrer"
        target="_blank"
      >
        Check the complete list 
        <svg
          aria-hidden="true"
          class="svg-inline--fa fa-external-link-alt fa-w-18 "
          data-icon="external-link-alt"
          data-prefix="fas"
          focusable="false"
          role="img"
          viewBox="0 0 576 512"
          xmlns="http://www.w3.org/2000/svg"
        >
          <path
            d="M576 24v127.984c0 21.461-25.96 31.98-40.971 16.971l-35.707-35.709-243.523 243.523c-9.373 9.373-24.568 9.373-33.941 0l-22.627-22.627c-9.373-9.373-9.373-24.569 0-33.941L442.756 76.676l-35.703-35.705C391.982 25.9 402.656 0 424.024 0H552c13.255 0 24 10.745 24 24zM407.029 270.794l-16 16A23.999 23.999 0 0 0 384 303.765V448H64V128h264a24.003 24.003 0 0 0 16.97-7.029l16-16C376.089 89.851 365.381 64 344 64H48C21.49 64 0 85.49 0 112v352c0 26.51 21.49 48 48 48h352c26.51 0 48-21.49 48-48V287.764c0-21.382-25.852-32.09-40.971-16.97z"
            fill="currentColor"
          />
        </svg>
      </a>
    </div>
  </div>
</DocumentFragment>
`;
