// Jest Snapshot v1, https://goo.gl/fbAQLP

exports[`<Header /> changes language: en 1`] = `
"Snapshot Diff:
Compared values have no visual difference."
`;

exports[`<Header /> changes language: en 2`] = `
"Snapshot Diff:
Compared values have no visual difference."
`;

exports[`<Header /> changes language: ja 1`] = `
"Snapshot Diff:
- First value
+ Second value

@@ -7,16 +7,16 @@
      >
        <div>
          <a
            class=\\"sc-htpNat jwNqkS\\"
          >
-           Explore
+           機能紹介
          </a>
          <a
            class=\\"sc-htpNat jwNqkS\\"
          >
-           Plugins
+           プラグイン一覧
          </a>
        </div>
        <div
          class=\\"sc-bxivhb hYiooe\\"
        />
@@ -38,17 +38,17 @@
              d=\\"M152.1 236.2c-3.5-12.1-7.8-33.2-7.8-33.2h-.5s-4.3 21.1-7.8 33.2l-11.1 37.5H163zM616 96H336v320h280c13.3 0 24-10.7 24-24V120c0-13.3-10.7-24-24-24zm-24 120c0 6.6-5.4 12-12 12h-11.4c-6.9 23.6-21.7 47.4-42.7 69.9 8.4 6.4 17.1 12.5 26.1 18 5.5 3.4 7.3 10.5 4.1 16.2l-7.9 13.9c-3.4 5.9-10.9 7.8-16.7 4.3-12.6-7.8-24.5-16.1-35.4-24.9-10.9 8.7-22.7 17.1-35.4 24.9-5.8 3.5-13.3 1.6-16.7-4.3l-7.9-13.9c-3.2-5.6-1.4-12.8 4.2-16.2 9.3-5.7 18-11.7 26.1-18-7.9-8.4-14.9-17-21-25.7-4-5.7-2.2-13.6 3.7-17.1l6.5-3.9 7.3-4.3c5.4-3.2 12.4-1.7 16 3.4 5 7 10.8 14 17.4 20.9 13.5-14.2 23.8-28.9 30-43.2H412c-6.6 0-12-5.4-12-12v-16c0-6.6 5.4-12 12-12h64v-16c0-6.6 5.4-12 12-12h16c6.6 0 12 5.4 12 12v16h64c6.6 0 12 5.4 12 12zM0 120v272c0 13.3 10.7 24 24 24h280V96H24c-13.3 0-24 10.7-24 24zm58.9 216.1L116.4 167c1.7-4.9 6.2-8.1 11.4-8.1h32.5c5.1 0 9.7 3.3 11.4 8.1l57.5 169.1c2.6 7.8-3.1 15.9-11.4 15.9h-22.9a12 12 0 0 1-11.5-8.6l-9.4-31.9h-60.2l-9.1 31.8c-1.5 5.1-6.2 8.7-11.5 8.7H70.3c-8.2 0-14-8.1-11.4-15.9z\\"
              fill=\\"currentColor\\"
            />
          </svg>
          <a
-           class=\\"sc-EHOje bOTOim\\"
+           class=\\"sc-EHOje hgcoFM\\"
            title=\\"English\\"
          >
            English
          </a>
          <a
-           class=\\"sc-EHOje hgcoFM\\"
+           class=\\"sc-EHOje bOTOim\\"
            title=\\"日本語\\"
          >
            日本語
          </a>
          <a"
`;

exports[`<Header /> changes language: ja 2`] = `
"Snapshot Diff:
- First value
+ Second value

@@ -7,16 +7,16 @@
      >
        <div>
          <a
            class=\\"sc-htpNat jwNqkS\\"
          >
-           Explore
+           機能紹介
          </a>
          <a
            class=\\"sc-htpNat jwNqkS\\"
          >
-           Plugins
+           プラグイン一覧
          </a>
        </div>
        <div
          class=\\"sc-bxivhb hYiooe\\"
        />
@@ -38,17 +38,17 @@
              d=\\"M152.1 236.2c-3.5-12.1-7.8-33.2-7.8-33.2h-.5s-4.3 21.1-7.8 33.2l-11.1 37.5H163zM616 96H336v320h280c13.3 0 24-10.7 24-24V120c0-13.3-10.7-24-24-24zm-24 120c0 6.6-5.4 12-12 12h-11.4c-6.9 23.6-21.7 47.4-42.7 69.9 8.4 6.4 17.1 12.5 26.1 18 5.5 3.4 7.3 10.5 4.1 16.2l-7.9 13.9c-3.4 5.9-10.9 7.8-16.7 4.3-12.6-7.8-24.5-16.1-35.4-24.9-10.9 8.7-22.7 17.1-35.4 24.9-5.8 3.5-13.3 1.6-16.7-4.3l-7.9-13.9c-3.2-5.6-1.4-12.8 4.2-16.2 9.3-5.7 18-11.7 26.1-18-7.9-8.4-14.9-17-21-25.7-4-5.7-2.2-13.6 3.7-17.1l6.5-3.9 7.3-4.3c5.4-3.2 12.4-1.7 16 3.4 5 7 10.8 14 17.4 20.9 13.5-14.2 23.8-28.9 30-43.2H412c-6.6 0-12-5.4-12-12v-16c0-6.6 5.4-12 12-12h64v-16c0-6.6 5.4-12 12-12h16c6.6 0 12 5.4 12 12v16h64c6.6 0 12 5.4 12 12zM0 120v272c0 13.3 10.7 24 24 24h280V96H24c-13.3 0-24 10.7-24 24zm58.9 216.1L116.4 167c1.7-4.9 6.2-8.1 11.4-8.1h32.5c5.1 0 9.7 3.3 11.4 8.1l57.5 169.1c2.6 7.8-3.1 15.9-11.4 15.9h-22.9a12 12 0 0 1-11.5-8.6l-9.4-31.9h-60.2l-9.1 31.8c-1.5 5.1-6.2 8.7-11.5 8.7H70.3c-8.2 0-14-8.1-11.4-15.9z\\"
              fill=\\"currentColor\\"
            />
          </svg>
          <a
-           class=\\"sc-EHOje bOTOim\\"
+           class=\\"sc-EHOje hgcoFM\\"
            title=\\"English\\"
          >
            English
          </a>
          <a
-           class=\\"sc-EHOje hgcoFM\\"
+           class=\\"sc-EHOje bOTOim\\"
            title=\\"日本語\\"
          >
            日本語
          </a>
          <a"
`;

exports[`<Header /> changes language: zh-Hans 1`] = `
"Snapshot Diff:
- First value
+ Second value

@@ -7,16 +7,16 @@
      >
        <div>
          <a
            class=\\"sc-htpNat jwNqkS\\"
          >
-           Explore
+           功能简介
          </a>
          <a
            class=\\"sc-htpNat jwNqkS\\"
          >
-           Plugins
+           插件列表
          </a>
        </div>
        <div
          class=\\"sc-bxivhb hYiooe\\"
        />
@@ -38,11 +38,11 @@
              d=\\"M152.1 236.2c-3.5-12.1-7.8-33.2-7.8-33.2h-.5s-4.3 21.1-7.8 33.2l-11.1 37.5H163zM616 96H336v320h280c13.3 0 24-10.7 24-24V120c0-13.3-10.7-24-24-24zm-24 120c0 6.6-5.4 12-12 12h-11.4c-6.9 23.6-21.7 47.4-42.7 69.9 8.4 6.4 17.1 12.5 26.1 18 5.5 3.4 7.3 10.5 4.1 16.2l-7.9 13.9c-3.4 5.9-10.9 7.8-16.7 4.3-12.6-7.8-24.5-16.1-35.4-24.9-10.9 8.7-22.7 17.1-35.4 24.9-5.8 3.5-13.3 1.6-16.7-4.3l-7.9-13.9c-3.2-5.6-1.4-12.8 4.2-16.2 9.3-5.7 18-11.7 26.1-18-7.9-8.4-14.9-17-21-25.7-4-5.7-2.2-13.6 3.7-17.1l6.5-3.9 7.3-4.3c5.4-3.2 12.4-1.7 16 3.4 5 7 10.8 14 17.4 20.9 13.5-14.2 23.8-28.9 30-43.2H412c-6.6 0-12-5.4-12-12v-16c0-6.6 5.4-12 12-12h64v-16c0-6.6 5.4-12 12-12h16c6.6 0 12 5.4 12 12v16h64c6.6 0 12 5.4 12 12zM0 120v272c0 13.3 10.7 24 24 24h280V96H24c-13.3 0-24 10.7-24 24zm58.9 216.1L116.4 167c1.7-4.9 6.2-8.1 11.4-8.1h32.5c5.1 0 9.7 3.3 11.4 8.1l57.5 169.1c2.6 7.8-3.1 15.9-11.4 15.9h-22.9a12 12 0 0 1-11.5-8.6l-9.4-31.9h-60.2l-9.1 31.8c-1.5 5.1-6.2 8.7-11.5 8.7H70.3c-8.2 0-14-8.1-11.4-15.9z\\"
              fill=\\"currentColor\\"
            />
          </svg>
          <a
-           class=\\"sc-EHOje bOTOim\\"
+           class=\\"sc-EHOje hgcoFM\\"
            title=\\"English\\"
          >
            English
          </a>
          <a
@@ -50,11 +50,11 @@
            title=\\"日本語\\"
          >
            日本語
          </a>
          <a
-           class=\\"sc-EHOje hgcoFM\\"
+           class=\\"sc-EHOje bOTOim\\"
            title=\\"简体中文\\"
          >
            简体中文
          </a>
          <a"
`;

exports[`<Header /> changes language: zh-Hans 2`] = `
"Snapshot Diff:
- First value
+ Second value

@@ -7,16 +7,16 @@
      >
        <div>
          <a
            class=\\"sc-htpNat jwNqkS\\"
          >
-           Explore
+           功能简介
          </a>
          <a
            class=\\"sc-htpNat jwNqkS\\"
          >
-           Plugins
+           插件列表
          </a>
        </div>
        <div
          class=\\"sc-bxivhb hYiooe\\"
        />
@@ -38,11 +38,11 @@
              d=\\"M152.1 236.2c-3.5-12.1-7.8-33.2-7.8-33.2h-.5s-4.3 21.1-7.8 33.2l-11.1 37.5H163zM616 96H336v320h280c13.3 0 24-10.7 24-24V120c0-13.3-10.7-24-24-24zm-24 120c0 6.6-5.4 12-12 12h-11.4c-6.9 23.6-21.7 47.4-42.7 69.9 8.4 6.4 17.1 12.5 26.1 18 5.5 3.4 7.3 10.5 4.1 16.2l-7.9 13.9c-3.4 5.9-10.9 7.8-16.7 4.3-12.6-7.8-24.5-16.1-35.4-24.9-10.9 8.7-22.7 17.1-35.4 24.9-5.8 3.5-13.3 1.6-16.7-4.3l-7.9-13.9c-3.2-5.6-1.4-12.8 4.2-16.2 9.3-5.7 18-11.7 26.1-18-7.9-8.4-14.9-17-21-25.7-4-5.7-2.2-13.6 3.7-17.1l6.5-3.9 7.3-4.3c5.4-3.2 12.4-1.7 16 3.4 5 7 10.8 14 17.4 20.9 13.5-14.2 23.8-28.9 30-43.2H412c-6.6 0-12-5.4-12-12v-16c0-6.6 5.4-12 12-12h64v-16c0-6.6 5.4-12 12-12h16c6.6 0 12 5.4 12 12v16h64c6.6 0 12 5.4 12 12zM0 120v272c0 13.3 10.7 24 24 24h280V96H24c-13.3 0-24 10.7-24 24zm58.9 216.1L116.4 167c1.7-4.9 6.2-8.1 11.4-8.1h32.5c5.1 0 9.7 3.3 11.4 8.1l57.5 169.1c2.6 7.8-3.1 15.9-11.4 15.9h-22.9a12 12 0 0 1-11.5-8.6l-9.4-31.9h-60.2l-9.1 31.8c-1.5 5.1-6.2 8.7-11.5 8.7H70.3c-8.2 0-14-8.1-11.4-15.9z\\"
              fill=\\"currentColor\\"
            />
          </svg>
          <a
-           class=\\"sc-EHOje bOTOim\\"
+           class=\\"sc-EHOje hgcoFM\\"
            title=\\"English\\"
          >
            English
          </a>
          <a
@@ -50,11 +50,11 @@
            title=\\"日本語\\"
          >
            日本語
          </a>
          <a
-           class=\\"sc-EHOje hgcoFM\\"
+           class=\\"sc-EHOje bOTOim\\"
            title=\\"简体中文\\"
          >
            简体中文
          </a>
          <a"
`;

exports[`<Header /> changes language: zh-Hant 1`] = `
"Snapshot Diff:
- First value
+ Second value

@@ -7,16 +7,16 @@
      >
        <div>
          <a
            class=\\"sc-htpNat jwNqkS\\"
          >
-           Explore
+           功能簡介
          </a>
          <a
            class=\\"sc-htpNat jwNqkS\\"
          >
-           Plugins
+           擴展列表
          </a>
        </div>
        <div
          class=\\"sc-bxivhb hYiooe\\"
        />
@@ -38,11 +38,11 @@
              d=\\"M152.1 236.2c-3.5-12.1-7.8-33.2-7.8-33.2h-.5s-4.3 21.1-7.8 33.2l-11.1 37.5H163zM616 96H336v320h280c13.3 0 24-10.7 24-24V120c0-13.3-10.7-24-24-24zm-24 120c0 6.6-5.4 12-12 12h-11.4c-6.9 23.6-21.7 47.4-42.7 69.9 8.4 6.4 17.1 12.5 26.1 18 5.5 3.4 7.3 10.5 4.1 16.2l-7.9 13.9c-3.4 5.9-10.9 7.8-16.7 4.3-12.6-7.8-24.5-16.1-35.4-24.9-10.9 8.7-22.7 17.1-35.4 24.9-5.8 3.5-13.3 1.6-16.7-4.3l-7.9-13.9c-3.2-5.6-1.4-12.8 4.2-16.2 9.3-5.7 18-11.7 26.1-18-7.9-8.4-14.9-17-21-25.7-4-5.7-2.2-13.6 3.7-17.1l6.5-3.9 7.3-4.3c5.4-3.2 12.4-1.7 16 3.4 5 7 10.8 14 17.4 20.9 13.5-14.2 23.8-28.9 30-43.2H412c-6.6 0-12-5.4-12-12v-16c0-6.6 5.4-12 12-12h64v-16c0-6.6 5.4-12 12-12h16c6.6 0 12 5.4 12 12v16h64c6.6 0 12 5.4 12 12zM0 120v272c0 13.3 10.7 24 24 24h280V96H24c-13.3 0-24 10.7-24 24zm58.9 216.1L116.4 167c1.7-4.9 6.2-8.1 11.4-8.1h32.5c5.1 0 9.7 3.3 11.4 8.1l57.5 169.1c2.6 7.8-3.1 15.9-11.4 15.9h-22.9a12 12 0 0 1-11.5-8.6l-9.4-31.9h-60.2l-9.1 31.8c-1.5 5.1-6.2 8.7-11.5 8.7H70.3c-8.2 0-14-8.1-11.4-15.9z\\"
              fill=\\"currentColor\\"
            />
          </svg>
          <a
-           class=\\"sc-EHOje bOTOim\\"
+           class=\\"sc-EHOje hgcoFM\\"
            title=\\"English\\"
          >
            English
          </a>
          <a
@@ -56,11 +56,11 @@
            title=\\"简体中文\\"
          >
            简体中文
          </a>
          <a
-           class=\\"sc-EHOje hgcoFM\\"
+           class=\\"sc-EHOje bOTOim\\"
            title=\\"繁體中文\\"
          >
            繁體中文
          </a>
        </div>"
`;

exports[`<Header /> changes language: zh-Hant 2`] = `
"Snapshot Diff:
- First value
+ Second value

@@ -7,16 +7,16 @@
      >
        <div>
          <a
            class=\\"sc-htpNat jwNqkS\\"
          >
-           Explore
+           功能簡介
          </a>
          <a
            class=\\"sc-htpNat jwNqkS\\"
          >
-           Plugins
+           擴展列表
          </a>
        </div>
        <div
          class=\\"sc-bxivhb hYiooe\\"
        />
@@ -38,11 +38,11 @@
              d=\\"M152.1 236.2c-3.5-12.1-7.8-33.2-7.8-33.2h-.5s-4.3 21.1-7.8 33.2l-11.1 37.5H163zM616 96H336v320h280c13.3 0 24-10.7 24-24V120c0-13.3-10.7-24-24-24zm-24 120c0 6.6-5.4 12-12 12h-11.4c-6.9 23.6-21.7 47.4-42.7 69.9 8.4 6.4 17.1 12.5 26.1 18 5.5 3.4 7.3 10.5 4.1 16.2l-7.9 13.9c-3.4 5.9-10.9 7.8-16.7 4.3-12.6-7.8-24.5-16.1-35.4-24.9-10.9 8.7-22.7 17.1-35.4 24.9-5.8 3.5-13.3 1.6-16.7-4.3l-7.9-13.9c-3.2-5.6-1.4-12.8 4.2-16.2 9.3-5.7 18-11.7 26.1-18-7.9-8.4-14.9-17-21-25.7-4-5.7-2.2-13.6 3.7-17.1l6.5-3.9 7.3-4.3c5.4-3.2 12.4-1.7 16 3.4 5 7 10.8 14 17.4 20.9 13.5-14.2 23.8-28.9 30-43.2H412c-6.6 0-12-5.4-12-12v-16c0-6.6 5.4-12 12-12h64v-16c0-6.6 5.4-12 12-12h16c6.6 0 12 5.4 12 12v16h64c6.6 0 12 5.4 12 12zM0 120v272c0 13.3 10.7 24 24 24h280V96H24c-13.3 0-24 10.7-24 24zm58.9 216.1L116.4 167c1.7-4.9 6.2-8.1 11.4-8.1h32.5c5.1 0 9.7 3.3 11.4 8.1l57.5 169.1c2.6 7.8-3.1 15.9-11.4 15.9h-22.9a12 12 0 0 1-11.5-8.6l-9.4-31.9h-60.2l-9.1 31.8c-1.5 5.1-6.2 8.7-11.5 8.7H70.3c-8.2 0-14-8.1-11.4-15.9z\\"
              fill=\\"currentColor\\"
            />
          </svg>
          <a
-           class=\\"sc-EHOje bOTOim\\"
+           class=\\"sc-EHOje hgcoFM\\"
            title=\\"English\\"
          >
            English
          </a>
          <a
@@ -56,11 +56,11 @@
            title=\\"简体中文\\"
          >
            简体中文
          </a>
          <a
-           class=\\"sc-EHOje hgcoFM\\"
+           class=\\"sc-EHOje bOTOim\\"
            title=\\"繁體中文\\"
          >
            繁體中文
          </a>
        </div>"
`;

exports[`<Header /> renders 1`] = `
<DocumentFragment>
  <div
    class="sc-bdVaJa kFhlbX"
  >
    <div
      class="sc-bwzfXH hYWPlG"
    >
      <div>
        <a
          class="sc-htpNat jwNqkS"
        >
          Explore
        </a>
        <a
          class="sc-htpNat jwNqkS"
        >
          Plugins
        </a>
      </div>
      <div
        class="sc-bxivhb hYiooe"
      />
      <div
        class="sc-ifAKCX fsCAIN"
        data-testid="language-list"
      >
        <svg
          aria-hidden="true"
          class="svg-inline--fa fa-language fa-w-20 "
          data-icon="language"
          data-prefix="fas"
          focusable="false"
          role="img"
          viewBox="0 0 640 512"
          xmlns="http://www.w3.org/2000/svg"
        >
          <path
            d="M152.1 236.2c-3.5-12.1-7.8-33.2-7.8-33.2h-.5s-4.3 21.1-7.8 33.2l-11.1 37.5H163zM616 96H336v320h280c13.3 0 24-10.7 24-24V120c0-13.3-10.7-24-24-24zm-24 120c0 6.6-5.4 12-12 12h-11.4c-6.9 23.6-21.7 47.4-42.7 69.9 8.4 6.4 17.1 12.5 26.1 18 5.5 3.4 7.3 10.5 4.1 16.2l-7.9 13.9c-3.4 5.9-10.9 7.8-16.7 4.3-12.6-7.8-24.5-16.1-35.4-24.9-10.9 8.7-22.7 17.1-35.4 24.9-5.8 3.5-13.3 1.6-16.7-4.3l-7.9-13.9c-3.2-5.6-1.4-12.8 4.2-16.2 9.3-5.7 18-11.7 26.1-18-7.9-8.4-14.9-17-21-25.7-4-5.7-2.2-13.6 3.7-17.1l6.5-3.9 7.3-4.3c5.4-3.2 12.4-1.7 16 3.4 5 7 10.8 14 17.4 20.9 13.5-14.2 23.8-28.9 30-43.2H412c-6.6 0-12-5.4-12-12v-16c0-6.6 5.4-12 12-12h64v-16c0-6.6 5.4-12 12-12h16c6.6 0 12 5.4 12 12v16h64c6.6 0 12 5.4 12 12zM0 120v272c0 13.3 10.7 24 24 24h280V96H24c-13.3 0-24 10.7-24 24zm58.9 216.1L116.4 167c1.7-4.9 6.2-8.1 11.4-8.1h32.5c5.1 0 9.7 3.3 11.4 8.1l57.5 169.1c2.6 7.8-3.1 15.9-11.4 15.9h-22.9a12 12 0 0 1-11.5-8.6l-9.4-31.9h-60.2l-9.1 31.8c-1.5 5.1-6.2 8.7-11.5 8.7H70.3c-8.2 0-14-8.1-11.4-15.9z"
            fill="currentColor"
          />
        </svg>
        <a
          class="sc-EHOje bOTOim"
          title="English"
        >
          English
        </a>
        <a
          class="sc-EHOje hgcoFM"
          title="日本語"
        >
          日本語
        </a>
        <a
          class="sc-EHOje hgcoFM"
          title="简体中文"
        >
          简体中文
        </a>
        <a
          class="sc-EHOje hgcoFM"
          title="繁體中文"
        >
          繁體中文
        </a>
      </div>
    </div>
  </div>
</DocumentFragment>
`;
